{
  "data": {
    "_service": {
      "sdl": "interface IReview @key(fields: \u0022id\u0022) {\n  id: Int!\n  product: Product! @requires(fields: \u0022upc\u0022)\n}\n\ntype Product {\n  upc: String!\n}\n\ntype Review implements IReview @key(fields: \u0022id\u0022) {\n  id: Int!\n  product: Product! @requires(fields: \u0022upc\u0022)\n}"
    }
  }
}
