{
  "data": {
    "_service": {
      "sdl": "type Product @extends @key(fields: \u0022upc\u0022) {\n  reviews: [Review!]!\n  upc: String! @external\n}\n\ntype Review @key(fields: \u0022id\u0022) {\n  id: String!\n  authorId: String!\n  product: Product! @provides(fields: \u0022username\u0022)\n  body: String!\n}\n\ntype User @extends @key(fields: \u0022id\u0022) {\n  reviews: [Review!]!\n  id: String! @external\n  username: String! @external\n}"
    }
  }
}
